kotlin version: 2.0.21
error message: java.lang.OutOfMemoryError: GC overhead limit exceeded
	at androidx.compose.compiler.plugins.kotlin.lower.ComposerTypeRemapper.underlyingRemapType(ComposableTypeRemapper.kt:529)
	at androidx.compose.compiler.plugins.kotlin.lower.ComposerTypeRemapper.remapType(ComposableTypeRemapper.kt:443)
	at org.jetbrains.kotlin.ir.util.DeepCopyIrTreeWithSymbols.remapType(DeepCopyIrTreeWithSymbols.kt:78)
	at org.jetbrains.kotlin.ir.util.DeepCopyIrTreeWithSymbols.copyRemappedTypeArgumentsFrom(DeepCopyIrTreeWithSymbols.kt:582)
	at org.jetbrains.kotlin.ir.util.DeepCopyIrTreeWithSymbols.visitCall(DeepCopyIrTreeWithSymbols.kt:557)
	at androidx.compose.compiler.plugins.kotlin.lower.DeepCopyIrTreeWithRemappedComposableTypes.visitCall(ComposableTypeRemapper.kt:355)
	at androidx.compose.compiler.plugins.kotlin.lower.DeepCopyIrTreeWithRemappedComposableTypes.visitCall(ComposableTypeRemapper.kt:69)
	at org.jetbrains.kotlin.ir.visitors.IrElementTransformerVoid.visitCall(IrElementTransformerVoid.kt:299)
	at org.jetbrains.kotlin.ir.visitors.IrElementTransformerVoid.visitCall(IrElementTransformerVoid.kt:19)
	at org.jetbrains.kotlin.ir.expressions.IrCall.accept(IrCall.kt:24)
	at org.jetbrains.kotlin.ir.expressions.IrExpression.transform(IrExpression.kt:24)
	at org.jetbrains.kotlin.ir.expressions.IrExpression.transform(IrExpression.kt:20)
	at org.jetbrains.kotlin.ir.util.DeepCopyIrTreeWithSymbols.visitComposite(DeepCopyIrTreeWithSymbols.kt:1012)
	at org.jetbrains.kotlin.ir.util.DeepCopyIrTreeWithSymbols.visitComposite(DeepCopyIrTreeWithSymbols.kt:41)
	at org.jetbrains.kotlin.ir.visitors.IrElementTransformerVoid.visitComposite(IrElementTransformerVoid.kt:257)
	at org.jetbrains.kotlin.ir.visitors.IrElementTransformerVoid.visitComposite(IrElementTransformerVoid.kt:19)
	at org.jetbrains.kotlin.ir.expressions.IrComposite.accept(IrComposite.kt:18)
	at org.jetbrains.kotlin.ir.expressions.IrExpression.transform(IrExpression.kt:24)
	at org.jetbrains.kotlin.ir.expressions.IrExpression.transform(IrExpression.kt:20)
	at androidx.compose.compiler.plugins.kotlin.lower.DeepCopyIrTreeWithRemappedComposableTypes.transformValueArguments(ComposableTypeRemapper.kt:537)
	at androidx.compose.compiler.plugins.kotlin.lower.DeepCopyIrTreeWithRemappedComposableTypes.visitCall(ComposableTypeRemapper.kt:329)
	at androidx.compose.compiler.plugins.kotlin.lower.DeepCopyIrTreeWithRemappedComposableTypes.visitCall(ComposableTypeRemapper.kt:69)
	at org.jetbrains.kotlin.ir.visitors.IrElementTransformerVoid.visitCall(IrElementTransformerVoid.kt:299)
	at org.jetbrains.kotlin.ir.visitors.IrElementTransformerVoid.visitCall(IrElementTransformerVoid.kt:19)
	at org.jetbrains.kotlin.ir.expressions.IrCall.accept(IrCall.kt:24)
	at org.jetbrains.kotlin.ir.expressions.IrExpression.transform(IrExpression.kt:24)
	at org.jetbrains.kotlin.ir.expressions.IrExpression.transform(IrExpression.kt:20)
	at org.jetbrains.kotlin.ir.util.DeepCopyIrTreeWithSymbols.visitBlock(DeepCopyIrTreeWithSymbols.kt:1007)
	at org.jetbrains.kotlin.ir.util.DeepCopyIrTreeWithSymbols.visitBlock(DeepCopyIrTreeWithSymbols.kt:41)
	at org.jetbrains.kotlin.ir.visitors.IrElementTransformerVoid.visitBlock(IrElementTransformerVoid.kt:251)
	at org.jetbrains.kotlin.ir.visitors.IrElementTransformerVoid.visitBlock(IrElementTransformerVoid.kt:19)
	at org.jetbrains.kotlin.ir.expressions.IrBlock.accept(IrBlock.kt:18)


