kotlin version: 2.0.21
error message: java.lang.OutOfMemoryError: Java heap space
	at java.base/java.util.ArrayList.iterator(ArrayList.java:947)
	at androidx.compose.compiler.plugins.kotlin.lower.ComposerTypeRemapper.underlyingRemapType(ComposableTypeRemapper.kt:526)
	at androidx.compose.compiler.plugins.kotlin.lower.ComposerTypeRemapper.remapType(ComposableTypeRemapper.kt:443)
	at androidx.compose.compiler.plugins.kotlin.lower.ComposerTypeRemapper.remapTypeArgument(ComposableTypeRemapper.kt:493)
	at androidx.compose.compiler.plugins.kotlin.lower.ComposerTypeRemapper.underlyingRemapType(ComposableTypeRemapper.kt:485)
	at androidx.compose.compiler.plugins.kotlin.lower.ComposerTypeRemapper.remapType(ComposableTypeRemapper.kt:443)
	at org.jetbrains.kotlin.ir.util.DeepCopyIrTreeWithSymbols.remapType(DeepCopyIrTreeWithSymbols.kt:78)
	at androidx.compose.compiler.plugins.kotlin.lower.DeepCopyIrTreeWithRemappedComposableTypes.shallowCopyCall(ComposableTypeRemapper.kt:371)
	at androidx.compose.compiler.plugins.kotlin.lower.DeepCopyIrTreeWithRemappedComposableTypes.visitCall(ComposableTypeRemapper.kt:327)
	at androidx.compose.compiler.plugins.kotlin.lower.DeepCopyIrTreeWithRemappedComposableTypes.visitCall(ComposableTypeRemapper.kt:69)
	at org.jetbrains.kotlin.ir.visitors.IrElementTransformerVoid.visitCall(IrElementTransformerVoid.kt:299)
	at org.jetbrains.kotlin.ir.visitors.IrElementTransformerVoid.visitCall(IrElementTransformerVoid.kt:19)
	at org.jetbrains.kotlin.ir.expressions.IrCall.accept(IrCall.kt:24)
	at org.jetbrains.kotlin.ir.expressions.IrExpression.transform(IrExpression.kt:24)
	at org.jetbrains.kotlin.ir.expressions.IrExpression.transform(IrExpression.kt:20)
	at org.jetbrains.kotlin.ir.util.DeepCopyIrTreeWithSymbols.transformValueArguments(DeepCopyIrTreeWithSymbols.kt:1026)
	at org.jetbrains.kotlin.ir.util.DeepCopyIrTreeWithSymbols.visitCall(DeepCopyIrTreeWithSymbols.kt:558)
	at androidx.compose.compiler.plugins.kotlin.lower.DeepCopyIrTreeWithRemappedComposableTypes.visitCall(ComposableTypeRemapper.kt:355)
	at androidx.compose.compiler.plugins.kotlin.lower.DeepCopyIrTreeWithRemappedComposableTypes.visitCall(ComposableTypeRemapper.kt:69)
	at org.jetbrains.kotlin.ir.visitors.IrElementTransformerVoid.visitCall(IrElementTransformerVoid.kt:299)
	at org.jetbrains.kotlin.ir.visitors.IrElementTransformerVoid.visitCall(IrElementTransformerVoid.kt:19)
	at org.jetbrains.kotlin.ir.expressions.IrCall.accept(IrCall.kt:24)
	at org.jetbrains.kotlin.ir.expressions.IrExpression.transform(IrExpression.kt:24)
	at org.jetbrains.kotlin.ir.expressions.IrExpression.transform(IrExpression.kt:20)
	at org.jetbrains.kotlin.ir.util.DeepCopyIrTreeWithSymbols.visitElseBranch(DeepCopyIrTreeWithSymbols.kt:1038)
	at org.jetbrains.kotlin.ir.visitors.IrElementTransformerVoid.visitElseBranch(IrElementTransformerVoid.kt:561)
	at org.jetbrains.kotlin.ir.visitors.IrElementTransformerVoid.visitElseBranch(IrElementTransformerVoid.kt:19)
	at org.jetbrains.kotlin.ir.expressions.IrElseBranch.accept(IrElseBranch.kt:19)
	at org.jetbrains.kotlin.ir.expressions.IrElseBranch.transform(IrElseBranch.kt:22)
	at org.jetbrains.kotlin.ir.expressions.IrElseBranch.transform(IrElseBranch.kt:17)
	at org.jetbrains.kotlin.ir.util.DeepCopyIrTreeWithSymbols.visitWhen(DeepCopyIrTreeWithSymbols.kt:1033)
	at androidx.compose.compiler.plugins.kotlin.lower.DeepCopyIrTreeWithRemappedComposableTypes.visitWhen(ComposableTypeRemapper.kt:136)


