kotlin version: 2.0.21
error message: java.lang.OutOfMemoryError: GC overhead limit exceeded
	at org.jetbrains.kotlin.ir.util.DeepCopyIrTreeWithSymbols.visitConstructorCall(DeepCopyIrTreeWithSymbols.kt:563)
	at org.jetbrains.kotlin.ir.util.DeepCopyIrTreeWithSymbols.visitConstructorCall(DeepCopyIrTreeWithSymbols.kt:41)
	at org.jetbrains.kotlin.ir.visitors.IrElementTransformerVoid.visitConstructorCall(IrElementTransformerVoid.kt:215)
	at org.jetbrains.kotlin.ir.visitors.IrElementTransformerVoid.visitConstructorCall(IrElementTransformerVoid.kt:19)
	at org.jetbrains.kotlin.ir.expressions.IrConstructorCall.accept(IrConstructorCall.kt:27)
	at org.jetbrains.kotlin.ir.expressions.IrExpression.transform(IrExpression.kt:24)
	at org.jetbrains.kotlin.ir.expressions.IrExpression.transform(IrExpression.kt:20)
	at org.jetbrains.kotlin.ir.util.DeepCopyIrTreeWithSymbols.transformAnnotations(DeepCopyIrTreeWithSymbols.kt:930)
	at org.jetbrains.kotlin.ir.util.DeepCopyIrTreeWithSymbols.transformFunctionChildren(DeepCopyIrTreeWithSymbols.kt:217)
	at org.jetbrains.kotlin.ir.util.DeepCopyIrTreeWithSymbols.visitSimpleFunction(DeepCopyIrTreeWithSymbols.kt:194)
	at androidx.compose.compiler.plugins.kotlin.lower.DeepCopyPreservingMetadata.visitSimpleFunction(DeepCopyPreservingMetadata.kt:52)
	at androidx.compose.compiler.plugins.kotlin.lower.DeepCopyPreservingMetadata.visitSimpleFunction(DeepCopyPreservingMetadata.kt:31)
	at org.jetbrains.kotlin.ir.visitors.IrElementTransformerVoid.visitSimpleFunction(IrElementTransformerVoid.kt:131)
	at org.jetbrains.kotlin.ir.visitors.IrElementTransformerVoid.visitSimpleFunction(IrElementTransformerVoid.kt:19)
	at org.jetbrains.kotlin.ir.declarations.IrSimpleFunction.accept(IrSimpleFunction.kt:39)
	at org.jetbrains.kotlin.ir.IrElementBase.transform(IrElementBase.kt:33)
	at org.jetbrains.kotlin.ir.util.DeepCopyIrTreeWithSymbols.visitFunctionExpression(DeepCopyIrTreeWithSymbols.kt:1028)
	at org.jetbrains.kotlin.ir.util.DeepCopyIrTreeWithSymbols.visitFunctionExpression(DeepCopyIrTreeWithSymbols.kt:41)
	at org.jetbrains.kotlin.ir.visitors.IrElementTransformerVoid.visitFunctionExpression(IrElementTransformerVoid.kt:427)
	at org.jetbrains.kotlin.ir.visitors.IrElementTransformerVoid.visitFunctionExpression(IrElementTransformerVoid.kt:19)
	at org.jetbrains.kotlin.ir.expressions.IrFunctionExpression.accept(IrFunctionExpression.kt:24)
	at org.jetbrains.kotlin.ir.expressions.IrExpression.transform(IrExpression.kt:24)
	at org.jetbrains.kotlin.ir.expressions.IrExpression.transform(IrExpression.kt:20)
	at org.jetbrains.kotlin.ir.util.DeepCopyIrTreeWithSymbols.transformValueArguments(DeepCopyIrTreeWithSymbols.kt:1026)
	at org.jetbrains.kotlin.ir.util.DeepCopyIrTreeWithSymbols.visitCall(DeepCopyIrTreeWithSymbols.kt:558)
	at org.jetbrains.kotlin.ir.util.DeepCopyIrTreeWithSymbols.visitCall(DeepCopyIrTreeWithSymbols.kt:41)
	at org.jetbrains.kotlin.ir.visitors.IrElementTransformerVoid.visitCall(IrElementTransformerVoid.kt:299)
	at org.jetbrains.kotlin.ir.visitors.IrElementTransformerVoid.visitCall(IrElementTransformerVoid.kt:19)
	at org.jetbrains.kotlin.ir.expressions.IrCall.accept(IrCall.kt:24)
	at org.jetbrains.kotlin.ir.expressions.IrExpression.transform(IrExpression.kt:24)
	at org.jetbrains.kotlin.ir.expressions.IrExpression.transform(IrExpression.kt:20)
	at org.jetbrains.kotlin.ir.util.DeepCopyIrTreeWithSymbols.visitBlockBody(DeepCopyIrTreeWithSymbols.kt:968)


