kotlin version: 2.0.21
error message: java.lang.OutOfMemoryError: GC overhead limit exceeded
	at java.base/java.util.Arrays.copyOfRange(Unknown Source)
	at java.base/java.lang.String.<init>(Unknown Source)
	at java.base/java.lang.String.<init>(Unknown Source)
	at java.base/java.lang.StringBuilder.toString(Unknown Source)
	at java.base/java.lang.Throwable.lockedPrintStackTrace(Unknown Source)
	at java.base/java.lang.Throwable.printStackTrace(Unknown Source)
	at java.base/java.lang.Throwable.printStackTrace(Unknown Source)
	at kotlin.ExceptionsKt__ExceptionsKt.stackTraceToString(Exceptions.kt:58)
	at org.jetbrains.kotlin.utils.exceptions.KotlinExceptionWithAttachments$Companion.withAttachmentsFrom$util(KotlinExceptionWithAttachments.kt:31)
	at org.jetbrains.kotlin.utils.exceptions.KotlinIllegalArgumentExceptionWithAttachments.<init>(KotlinExceptionWithAttachments.kt:68)
	at org.jetbrains.kotlin.fir.backend.generators.Fir2IrCallableDeclarationsGenerator.createIrProperty(Fir2IrCallableDeclarationsGenerator.kt:1157)
	at org.jetbrains.kotlin.fir.backend.generators.Fir2IrCallableDeclarationsGenerator.createIrProperty$default(Fir2IrCallableDeclarationsGenerator.kt:216)
	at org.jetbrains.kotlin.fir.backend.Fir2IrDeclarationStorage.createAndCacheIrPropertySymbols(Fir2IrDeclarationStorage.kt:668)
	at org.jetbrains.kotlin.fir.backend.Fir2IrDeclarationStorage.getIrPropertySymbols(Fir2IrDeclarationStorage.kt:654)
	at org.jetbrains.kotlin.fir.backend.Fir2IrDeclarationStorage.getIrPropertySymbol(Fir2IrDeclarationStorage.kt:645)
	at org.jetbrains.kotlin.fir.lazy.Fir2IrLazyClass.declarations_delegate$lambda$10$addDeclarationsFromScope$lambda$8(Fir2IrLazyClass.kt:214)
	at org.jetbrains.kotlin.fir.lazy.Fir2IrLazyClass$$Lambda/0x0000000100eac1a0.invoke(Unknown Source)
	at org.jetbrains.kotlin.fir.scopes.impl.FirScopeWithCallableCopyReturnTypeUpdater.processPropertiesByName$lambda$1(FirScopeWithCallableCopyReturnTypeUpdater.kt:39)
	at org.jetbrains.kotlin.fir.scopes.impl.FirScopeWithCallableCopyReturnTypeUpdater$$Lambda/0x0000000100dbb028.invoke(Unknown Source)
	at org.jetbrains.kotlin.fir.scopes.impl.AbstractFirUseSiteMemberScope.processPropertiesByName(AbstractFirUseSiteMemberScope.kt:158)
	at org.jetbrains.kotlin.fir.scopes.impl.FirScopeWithCallableCopyReturnTypeUpdater.processPropertiesByName(FirScopeWithCallableCopyReturnTypeUpdater.kt:37)
	at org.jetbrains.kotlin.fir.lazy.Fir2IrLazyClass.declarations_delegate$lambda$10$addDeclarationsFromScope(Fir2IrLazyClass.kt:198)
	at org.jetbrains.kotlin.fir.lazy.Fir2IrLazyClass.declarations_delegate$lambda$10(Fir2IrLazyClass.kt:222)
	at org.jetbrains.kotlin.fir.lazy.Fir2IrLazyClass$$Lambda/0x0000000100e88e30.invoke(Unknown Source)
	at org.jetbrains.kotlin.ir.declarations.lazy.SynchronizedLazyVar.getValue(lazyUtil.kt:29)
	at org.jetbrains.kotlin.ir.declarations.lazy.SynchronizedLazyVar.getValue(lazyUtil.kt:40)
	at org.jetbrains.kotlin.fir.lazy.Fir2IrLazyClass.getDeclarations(Fir2IrLazyClass.kt:153)
	at org.jetbrains.kotlin.ir.util.IrUtilsKt.getPrimaryConstructor(IrUtils.kt:270)
	at androidx.compose.compiler.plugins.kotlin.lower.ComposerParamTransformer.defaultParameterType(ComposerParamTransformer.kt:659)
	at androidx.compose.compiler.plugins.kotlin.lower.ComposerParamTransformer.copyWithComposerParam(ComposerParamTransformer.kt:586)
	at androidx.compose.compiler.plugins.kotlin.lower.ComposerParamTransformer.withComposerParamIfNeeded(ComposerParamTransformer.kt:374)
	at androidx.compose.compiler.plugins.kotlin.lower.ComposerParamTransformer.withComposerParamIfNeeded(ComposerParamTransformer.kt:214)


